> Task :compileJava UP-TO-DATE
> Task :processResources UP-TO-DATE
> Task :classes UP-TO-DATE
> Task :compileTestJava UP-TO-DATE
> Task :processTestResources NO-SOURCE
> Task :testClasses UP-TO-DATE
.\gradlew.bat : OpenJDK 64-Bit Server VM warning: Sharing is only supported for boot loader classes because bootstrap cla
sspath has been appended
위치 줄:1 문자:1
+ .\gradlew.bat test --tests "triplestar.mixchat.domain.chat.chat.contr ...
+ ~~~~~~~~~~~~~~~~~~~~~~~~~~~~~~~~~~~~~~~~~~~~~~~~~~~~~~~~~~~~~~~~~~~~~
    + CategoryInfo          : NotSpecified: (OpenJDK 64-Bit ...s been appended:String) [], RemoteException
    + FullyQualifiedErrorId : NativeCommandError
 

> Task :test

ApiV1ChatController 단위 테스트 > 1:1 채팅방 생성 성공 FAILED
    java.lang.IllegalStateException at DefaultCacheAwareContextLoaderDelegate.java:180
        Caused by: org.springframework.beans.factory.BeanCreationException at BeanDefinitionValueResolver.java:377
            Caused by: org.springframework.beans.factory.NoSuchBeanDefinitionException at DefaultListableBeanFactory.java:978

ApiV1ChatController 단위 테스트 > AI 채팅방 생성 성공 FAILED
    java.lang.IllegalStateException at DefaultCacheAwareContextLoaderDelegate.java:145

ApiV1ChatController 단위 테스트 > AI 피드백 분석 요청 성공 FAILED
    java.lang.IllegalStateException at DefaultCacheAwareContextLoaderDelegate.java:145

ApiV1ChatController 단위 테스트 > 방장 위임 성공 FAILED
    java.lang.IllegalStateException at DefaultCacheAwareContextLoaderDelegate.java:145

ApiV1ChatController 단위 테스트 > 채팅방 나가기 성공 FAILED
    java.lang.IllegalStateException at DefaultCacheAwareContextLoaderDelegate.java:145

ApiV1ChatController 단위 테스트 > 그룹 채팅방 생성 성공 FAILED
    java.lang.IllegalStateException at DefaultCacheAwareContextLoaderDelegate.java:145

ApiV1ChatController 단위 테스트 > 메시지 목록 조회 성공 FAILED
    java.lang.IllegalStateException at DefaultCacheAwareContextLoaderDelegate.java:145

ApiV1ChatController 단위 테스트 > 1:1 채팅방 목록 조회 성공 FAILED
    java.lang.IllegalStateException at DefaultCacheAwareContextLoaderDelegate.java:145

ApiV1ChatController 단위 테스트 > 참여중인 그룹 채팅방 목록 조회 성공 FAILED
    java.lang.IllegalStateException at DefaultCacheAwareContextLoaderDelegate.java:145

ApiV1ChatController 단위 테스트 > 파일 업로드 및 메시지 전송 성공 FAILED
    java.lang.IllegalStateException at DefaultCacheAwareContextLoaderDelegate.java:145

ApiV1ChatController 단위 테스트 > 멤버 강퇴 성공 FAILED
    java.lang.IllegalStateException at DefaultCacheAwareContextLoaderDelegate.java:145

ApiV1ChatController 단위 테스트 > 공개 그룹 채팅방 목록 조회 성공 FAILED
    java.lang.IllegalStateException at DefaultCacheAwareContextLoaderDelegate.java:145

ApiV1ChatController 단위 테스트 > 그룹 채팅방 입장 성공 FAILED
    java.lang.IllegalStateException at DefaultCacheAwareContextLoaderDelegate.java:145

ApiV1ChatController 단위 테스트 > AI 채팅방 목록 조회 성공 FAILED
    java.lang.IllegalStateException at DefaultCacheAwareContextLoaderDelegate.java:145

14 tests completed, 14 failed

> Task :test FAILED

FAILURE: Build failed with an exception.

* What went wrong:
Execution failed for task ':test'.
> There were failing tests. See the report at: file:///C:/Users/freetime/Desktop/project3/AIBE3_final_project_team3_BE/bu
ild/reports/tests/test/index.html

* Try:
> Run with --scan to get full insights.

BUILD FAILED in 7s
4 actionable tasks: 1 executed, 3 up-to-date
